// Jest Snapshot v1, https://goo.gl/fbAQLP

exports[`Figure:  renders the component 1`] = `
<figure
  className="sc-gtssRu eTYvhi"
>
  <img
    alt="coisa"
    className="sc-dlnjPT iAgkHO"
    style={
      Object {
        "maxHeight": "140px",
        "maxWidth": "100%",
      }
    }
  />
  <figcaption
    className="sc-hKFyIo jjUcTb"
  >
    “
    coisa
    ”
  </figcaption>
</figure>
`;
